<?php return array (
  0 => 'Symfony\\Bundle\\FrameworkBundle\\Controller\\AbstractController',
  1 => 'App\\Controller\\API\\AbstractRestController',
  2 => 'App\\Controller\\API\\AccountController',
  3 => 'App\\Controller\\API\\AwardsController',
  4 => 'App\\Controller\\API\\BalloonController',
  5 => 'App\\Controller\\API\\ClarificationController',
  6 => 'App\\Controller\\API\\ContestController',
  7 => 'App\\Controller\\API\\ExecutableController',
  8 => 'App\\Controller\\API\\GeneralInfoController',
  9 => 'App\\Controller\\API\\GroupController',
  10 => 'App\\Controller\\API\\JudgehostController',
  11 => 'App\\Controller\\API\\JudgementController',
  12 => 'App\\Controller\\API\\JudgementTypeController',
  13 => 'App\\Controller\\API\\LanguageController',
  14 => 'App\\Controller\\API\\MetricsController',
  15 => 'App\\Controller\\API\\OrganizationController',
  16 => 'App\\Controller\\API\\ProblemController',
  17 => 'App\\Controller\\API\\QueryObjectTransformer',
  18 => 'App\\Controller\\API\\RunController',
  19 => 'App\\Controller\\API\\ScoreboardController',
  20 => 'App\\Controller\\API\\SubmissionController',
  21 => 'App\\Controller\\API\\TeamController',
  22 => 'App\\Controller\\API\\UserController',
  23 => 'App\\Controller\\BaseController',
  24 => 'App\\Controller\\Jury\\AnalysisController',
  25 => 'App\\Controller\\Jury\\AuditLogController',
  26 => 'App\\Controller\\Jury\\BalloonController',
  27 => 'App\\Controller\\Jury\\ClarificationController',
  28 => 'App\\Controller\\Jury\\ConfigController',
  29 => 'App\\Controller\\Jury\\ContestController',
  30 => 'App\\Controller\\Jury\\ExecutableController',
  31 => 'App\\Controller\\Jury\\ExternalContestSourceController',
  32 => 'App\\Controller\\Jury\\ImportExportController',
  33 => 'App\\Controller\\Jury\\InternalErrorController',
  34 => 'App\\Controller\\Jury\\JudgehostController',
  35 => 'App\\Controller\\Jury\\JuryMiscController',
  36 => 'App\\Controller\\Jury\\LanguageController',
  37 => 'App\\Controller\\Jury\\PrintController',
  38 => 'App\\Controller\\Jury\\ProblemController',
  39 => 'App\\Controller\\Jury\\QueueTaskController',
  40 => 'App\\Controller\\Jury\\RejudgingController',
  41 => 'App\\Controller\\Jury\\ScoreboardController',
  42 => 'App\\Controller\\Jury\\ShadowDifferencesController',
  43 => 'App\\Controller\\Jury\\SubmissionController',
  44 => 'App\\Controller\\Jury\\TeamAffiliationController',
  45 => 'App\\Controller\\Jury\\TeamCategoryController',
  46 => 'App\\Controller\\Jury\\TeamController',
  47 => 'App\\Controller\\Jury\\UserController',
  48 => 'App\\Controller\\PublicController',
  49 => 'App\\Controller\\RootController',
  50 => 'App\\Controller\\SecurityController',
  51 => 'App\\Controller\\Team\\ClarificationController',
  52 => 'App\\Controller\\Team\\MiscController',
  53 => 'App\\Controller\\Team\\ProblemController',
  54 => 'App\\Controller\\Team\\ScoreboardController',
  55 => 'App\\Controller\\Team\\SubmissionController',
  56 => 'App\\Entity\\AssetEntityInterface',
  57 => 'App\\Entity\\AuditLog',
  58 => 'App\\Entity\\Balloon',
  59 => 'App\\Entity\\BaseApiEntity',
  60 => 'App\\Entity\\Clarification',
  61 => 'App\\Entity\\Configuration',
  62 => 'App\\Entity\\Contest',
  63 => 'App\\Entity\\ContestProblem',
  64 => 'App\\Entity\\DebugPackage',
  65 => 'App\\Entity\\Event',
  66 => 'App\\Entity\\Executable',
  67 => 'App\\Entity\\ExecutableFile',
  68 => 'App\\Entity\\ExternalContestSource',
  69 => 'App\\Entity\\ExternalJudgement',
  70 => 'App\\Entity\\ExternalRelationshipEntityInterface',
  71 => 'App\\Entity\\ExternalRun',
  72 => 'App\\Entity\\ExternalSourceWarning',
  73 => 'App\\Entity\\ImmutableExecutable',
  74 => 'App\\Entity\\InternalError',
  75 => 'App\\Entity\\JudgeTask',
  76 => 'App\\Entity\\Judgehost',
  77 => 'App\\Entity\\Judging',
  78 => 'App\\Entity\\JudgingRun',
  79 => 'App\\Entity\\JudgingRunOutput',
  80 => 'App\\Entity\\Language',
  81 => 'App\\Entity\\Problem',
  82 => 'App\\Entity\\ProblemAttachment',
  83 => 'App\\Entity\\ProblemAttachmentContent',
  84 => 'App\\Entity\\QueueTask',
  85 => 'App\\Entity\\RankCache',
  86 => 'App\\Entity\\Rejudging',
  87 => 'App\\Entity\\RemovedInterval',
  88 => 'App\\Entity\\Role',
  89 => 'App\\Entity\\ScoreCache',
  90 => 'App\\Entity\\Submission',
  91 => 'App\\Entity\\SubmissionFile',
  92 => 'App\\Entity\\Team',
  93 => 'App\\Entity\\TeamAffiliation',
  94 => 'App\\Entity\\TeamCategory',
  95 => 'App\\Entity\\User',
  96 => 'Doctrine\\Bundle\\DoctrineBundle\\Controller\\ProfilerController',
  97 => 'Doctrine\\ORM\\Cache\\Persister\\Entity\\AbstractEntityPersister',
  98 => 'Doctrine\\ORM\\Cache\\Persister\\Entity\\CachedEntityPersister',
  99 => 'Doctrine\\ORM\\Cache\\Persister\\Entity\\NonStrictReadWriteCachedEntityPersister',
  100 => 'Doctrine\\ORM\\Cache\\Persister\\Entity\\ReadOnlyCachedEntityPersister',
  101 => 'Doctrine\\ORM\\Cache\\Persister\\Entity\\ReadWriteCachedEntityPersister',
  102 => 'Doctrine\\ORM\\Persisters\\Entity\\AbstractEntityInheritancePersister',
  103 => 'Doctrine\\ORM\\Persisters\\Entity\\BasicEntityPersister',
  104 => 'Doctrine\\ORM\\Persisters\\Entity\\CachedPersisterContext',
  105 => 'Doctrine\\ORM\\Persisters\\Entity\\EntityPersister',
  106 => 'Doctrine\\ORM\\Persisters\\Entity\\JoinedSubclassPersister',
  107 => 'Doctrine\\ORM\\Persisters\\Entity\\SingleTablePersister',
  108 => 'FOS\\RestBundle\\Controller\\AbstractFOSRestController',
  109 => 'FOS\\RestBundle\\Controller\\Annotations\\AbstractParam',
  110 => 'FOS\\RestBundle\\Controller\\Annotations\\AbstractScalarParam',
  111 => 'FOS\\RestBundle\\Controller\\Annotations\\Copy',
  112 => 'FOS\\RestBundle\\Controller\\Annotations\\Delete',
  113 => 'FOS\\RestBundle\\Controller\\Annotations\\FileParam',
  114 => 'FOS\\RestBundle\\Controller\\Annotations\\Get',
  115 => 'FOS\\RestBundle\\Controller\\Annotations\\Head',
  116 => 'FOS\\RestBundle\\Controller\\Annotations\\Link',
  117 => 'FOS\\RestBundle\\Controller\\Annotations\\Lock',
  118 => 'FOS\\RestBundle\\Controller\\Annotations\\Mkcol',
  119 => 'FOS\\RestBundle\\Controller\\Annotations\\Move',
  120 => 'FOS\\RestBundle\\Controller\\Annotations\\Options',
  121 => 'FOS\\RestBundle\\Controller\\Annotations\\ParamInterface',
  122 => 'FOS\\RestBundle\\Controller\\Annotations\\Patch',
  123 => 'FOS\\RestBundle\\Controller\\Annotations\\Post',
  124 => 'FOS\\RestBundle\\Controller\\Annotations\\PropFind',
  125 => 'FOS\\RestBundle\\Controller\\Annotations\\PropPatch',
  126 => 'FOS\\RestBundle\\Controller\\Annotations\\Put',
  127 => 'FOS\\RestBundle\\Controller\\Annotations\\QueryParam',
  128 => 'FOS\\RestBundle\\Controller\\Annotations\\RequestParam',
  129 => 'FOS\\RestBundle\\Controller\\Annotations\\Route',
  130 => 'FOS\\RestBundle\\Controller\\Annotations\\Unlink',
  131 => 'FOS\\RestBundle\\Controller\\Annotations\\Unlock',
  132 => 'FOS\\RestBundle\\Controller\\Annotations\\View',
  133 => 'FOS\\RestBundle\\Controller\\ControllerTrait',
  134 => 'Nelmio\\ApiDocBundle\\Controller\\DocumentationController',
  135 => 'Nelmio\\ApiDocBundle\\Controller\\SwaggerUiController',
  136 => 'Nelmio\\ApiDocBundle\\Controller\\YamlDocumentationController',
  138 => 'Symfony\\Bundle\\FrameworkBundle\\Controller\\ControllerResolver',
  139 => 'Symfony\\Bundle\\FrameworkBundle\\Controller\\RedirectController',
  140 => 'Symfony\\Bundle\\FrameworkBundle\\Controller\\TemplateController',
  141 => 'Symfony\\Bundle\\WebProfilerBundle\\Controller\\ExceptionPanelController',
  142 => 'Symfony\\Bundle\\WebProfilerBundle\\Controller\\ProfilerController',
  143 => 'Symfony\\Bundle\\WebProfilerBundle\\Controller\\RouterController',
  144 => 'Symfony\\Component\\HttpKernel\\Controller\\ArgumentResolver',
  145 => 'Symfony\\Component\\HttpKernel\\Controller\\ArgumentResolverInterface',
  146 => 'Symfony\\Component\\HttpKernel\\Controller\\ArgumentResolver\\DefaultValueResolver',
  147 => 'Symfony\\Component\\HttpKernel\\Controller\\ArgumentResolver\\NotTaggedControllerValueResolver',
  148 => 'Symfony\\Component\\HttpKernel\\Controller\\ArgumentResolver\\RequestAttributeValueResolver',
  149 => 'Symfony\\Component\\HttpKernel\\Controller\\ArgumentResolver\\RequestValueResolver',
  150 => 'Symfony\\Component\\HttpKernel\\Controller\\ArgumentResolver\\ServiceValueResolver',
  151 => 'Symfony\\Component\\HttpKernel\\Controller\\ArgumentResolver\\SessionValueResolver',
  152 => 'Symfony\\Component\\HttpKernel\\Controller\\ArgumentResolver\\TraceableValueResolver',
  153 => 'Symfony\\Component\\HttpKernel\\Controller\\ArgumentResolver\\VariadicValueResolver',
  154 => 'Symfony\\Component\\HttpKernel\\Controller\\ArgumentValueResolverInterface',
  155 => 'Symfony\\Component\\HttpKernel\\Controller\\ContainerControllerResolver',
  156 => 'Symfony\\Component\\HttpKernel\\Controller\\ControllerReference',
  157 => 'Symfony\\Component\\HttpKernel\\Controller\\ControllerResolver',
  158 => 'Symfony\\Component\\HttpKernel\\Controller\\ControllerResolverInterface',
  159 => 'Symfony\\Component\\HttpKernel\\Controller\\ErrorController',
  160 => 'Symfony\\Component\\HttpKernel\\Controller\\TraceableArgumentResolver',
  161 => 'Symfony\\Component\\HttpKernel\\Controller\\TraceableControllerResolver',
  162 => 'Symfony\\Component\\Security\\Http\\Controller\\UserValueResolver',
);